2024-10-12 07:55:14,117 [ERROR] Failed to fetch https://www.nytimes.com/2024/08/23/sports/arshad-nadeem-javelin-gold-olympics-buffalo.html: HTTP 403
2024-10-12 10:17:50,043 [ERROR] Failed to fetch https://www.reuters.com/world/middle-east/iran-launches-drone-attack-israel-expected-unfold-over-hours-2024-04-13/: HTTP 401
2024-10-12 10:57:17,289 [ERROR] Failed to fetch https://www.reuters.com/world/middle-east/iran-says-it-has-finished-attack-israel-amid-fears-spreading-conflict-2024-10-02/: HTTP 401
<<<<<<< HEAD
2024-12-11 00:40:13,699 [ERROR] Video generation failed: name 'config' is not defined
2024-12-11 00:40:13,699 [ERROR] Video generation failed: name 'config' is not defined
2024-12-11 01:26:16,415 [ERROR] Summarization failed for article 'Babar Azam to miss remainder of England series as Pakistan gives out-of-form star batter a rest': name 'tokenizer' is not defined
2024-12-11 01:26:16,415 [ERROR] Summarization failed for article 'Babar Azam to miss remainder of England series as Pakistan gives out-of-form star batter a rest': name 'tokenizer' is not defined
2024-12-11 01:26:16,417 [ERROR] Summarization failed for article 'A Journey of Inspiration Dinner: Babar Azam and Mohammad Rizwan – A Continuous Charity': name 'tokenizer' is not defined
2024-12-11 01:26:16,417 [ERROR] Summarization failed for article 'A Journey of Inspiration Dinner: Babar Azam and Mohammad Rizwan – A Continuous Charity': name 'tokenizer' is not defined
2024-12-11 01:26:16,418 [ERROR] Summarization failed for article 'Babar Azam Players Edition Bat': name 'tokenizer' is not defined
2024-12-11 01:26:16,418 [ERROR] Summarization failed for article 'Babar Azam Players Edition Bat': name 'tokenizer' is not defined
2024-12-11 01:26:16,418 [ERROR] Summarization failed for article 'Babar Azam Profile - ICC Ranking, Age, Career Info & Stats': name 'tokenizer' is not defined
2024-12-11 01:26:16,418 [ERROR] Summarization failed for article 'Babar Azam Profile - ICC Ranking, Age, Career Info & Stats': name 'tokenizer' is not defined
2024-12-11 01:26:16,419 [ERROR] Summarization failed for article 'Babar Azam Profile - Cricket Player Pakistan': name 'tokenizer' is not defined
2024-12-11 01:26:16,419 [ERROR] Summarization failed for article 'Babar Azam Profile - Cricket Player Pakistan': name 'tokenizer' is not defined
2024-12-11 01:26:16,419 [ERROR] Final summarization failed: name 'tokenizer' is not defined
2024-12-11 01:26:16,419 [ERROR] Final summarization failed: name 'tokenizer' is not defined
2024-12-11 01:27:12,561 [ERROR] Summarization failed for article 'Babar Azam to miss remainder of England series as Pakistan gives out-of-form star batter a rest': name 'tokenizer' is not defined
2024-12-11 01:27:12,561 [ERROR] Summarization failed for article 'Babar Azam to miss remainder of England series as Pakistan gives out-of-form star batter a rest': name 'tokenizer' is not defined
2024-12-11 01:27:12,562 [ERROR] Summarization failed for article 'Babar Azam Players Edition Bat': name 'tokenizer' is not defined
2024-12-11 01:27:12,562 [ERROR] Summarization failed for article 'Babar Azam Players Edition Bat': name 'tokenizer' is not defined
2024-12-11 01:27:12,562 [ERROR] Summarization failed for article 'A Journey of Inspiration Dinner: Babar Azam and Mohammad Rizwan – A Continuous Charity': name 'tokenizer' is not defined
2024-12-11 01:27:12,562 [ERROR] Summarization failed for article 'A Journey of Inspiration Dinner: Babar Azam and Mohammad Rizwan – A Continuous Charity': name 'tokenizer' is not defined
2024-12-11 01:27:12,562 [ERROR] Summarization failed for article 'Babar Azam Profile - ICC Ranking, Age, Career Info & Stats': name 'tokenizer' is not defined
2024-12-11 01:27:12,562 [ERROR] Summarization failed for article 'Babar Azam Profile - ICC Ranking, Age, Career Info & Stats': name 'tokenizer' is not defined
2024-12-11 01:27:12,562 [ERROR] Summarization failed for article 'Babar Azam Profile - Cricket Player Pakistan': name 'tokenizer' is not defined
2024-12-11 01:27:12,562 [ERROR] Summarization failed for article 'Babar Azam Profile - Cricket Player Pakistan': name 'tokenizer' is not defined
2024-12-11 01:27:12,563 [ERROR] Final summarization failed: name 'tokenizer' is not defined
2024-12-11 01:27:12,563 [ERROR] Final summarization failed: name 'tokenizer' is not defined
2024-12-11 01:27:36,983 [ERROR] Summarization failed for article 'Babar Azam Players Edition Bat': name 'tokenizer' is not defined
2024-12-11 01:27:36,983 [ERROR] Summarization failed for article 'Babar Azam Players Edition Bat': name 'tokenizer' is not defined
2024-12-11 01:27:36,984 [ERROR] Final summarization failed: name 'tokenizer' is not defined
2024-12-11 01:27:36,984 [ERROR] Final summarization failed: name 'tokenizer' is not defined
=======
2024-12-09 23:29:57,979 [ERROR] Error fetching robots.txt from https://olympics.com/robots.txt: Remote end closed connection without response
2024-12-10 00:07:44,193 [ERROR] Error fetching robots.txt from https://olympics.com/robots.txt: Remote end closed connection without response
2024-12-10 02:12:10,166 [ERROR] Failed to fetch https://www.reuters.com/sports/olympics/mud-brick-house-olympic-podium-arshad-nadeem-is-unlikely-pakistani-hero-2024-08-09/: HTTP 401
>>>>>>> bbc4b06cb7b234e642ad1055c4a9cf0837f68d6a
2024-12-11 01:39:31,328 [ERROR] Summarization failed for article 'Babar Azam to miss remainder of England series as Pakistan gives out-of-form star batter a rest': name 'tokenizer' is not defined
2024-12-11 01:39:31,328 [ERROR] Summarization failed for article 'Babar Azam to miss remainder of England series as Pakistan gives out-of-form star batter a rest': name 'tokenizer' is not defined
2024-12-11 01:39:31,330 [ERROR] Summarization failed for article 'Babar Azam Players Edition Bat': name 'tokenizer' is not defined
2024-12-11 01:39:31,330 [ERROR] Summarization failed for article 'Babar Azam Players Edition Bat': name 'tokenizer' is not defined
2024-12-11 01:39:31,331 [ERROR] Summarization failed for article 'A Journey of Inspiration Dinner: Babar Azam and Mohammad Rizwan – A Continuous Charity': name 'tokenizer' is not defined
2024-12-11 01:39:31,331 [ERROR] Summarization failed for article 'A Journey of Inspiration Dinner: Babar Azam and Mohammad Rizwan – A Continuous Charity': name 'tokenizer' is not defined
2024-12-11 01:39:31,331 [ERROR] Summarization failed for article 'Babar Azam Profile - ICC Ranking, Age, Career Info & Stats': name 'tokenizer' is not defined
2024-12-11 01:39:31,331 [ERROR] Summarization failed for article 'Babar Azam Profile - ICC Ranking, Age, Career Info & Stats': name 'tokenizer' is not defined
2024-12-11 01:39:31,332 [ERROR] Summarization failed for article 'News, Photos, Stats, Ranking, Records - NDTV Sports': name 'tokenizer' is not defined
2024-12-11 01:39:31,332 [ERROR] Summarization failed for article 'News, Photos, Stats, Ranking, Records - NDTV Sports': name 'tokenizer' is not defined
2024-12-11 01:39:31,332 [ERROR] Final summarization failed: name 'tokenizer' is not defined
2024-12-11 01:39:31,332 [ERROR] Final summarization failed: name 'tokenizer' is not defined
2024-12-11 02:21:25,027 [ERROR] Access denied to https://www.unicef.org/emergencies/devastating-floods-pakistan-2022: HTTP 403 Forbidden.
2024-12-11 02:21:25,027 [ERROR] Access denied to https://www.unicef.org/emergencies/devastating-floods-pakistan-2022: HTTP 403 Forbidden.
2024-12-11 02:26:12,200 [ERROR] Scraping failed: 'summary'
2024-12-11 02:26:12,200 [ERROR] Scraping failed: 'summary'
2024-12-11 02:27:30,585 [ERROR] Scraping failed: 'summary'
2024-12-11 02:27:30,585 [ERROR] Scraping failed: 'summary'
2024-12-11 22:24:52,970 [ERROR] Regenerated summary is still too short (275 words).
2024-12-11 22:24:52,970 [ERROR] Regenerated summary is still too short (275 words).
2024-12-12 02:09:26,917 [ERROR] Form data requires "python-multipart" to be installed. 
You can install "python-multipart" with: 

pip install python-multipart

2024-12-12 02:09:26,917 [ERROR] Form data requires "python-multipart" to be installed. 
You can install "python-multipart" with: 

pip install python-multipart

2024-12-12 09:17:54,825 [ERROR] Error fetching robots.txt from https://www.coinbase.com/robots.txt: 400, message='Got more than 8190 bytes (8429) when reading Header value is too long.', url='https://www.coinbase.com/robots.txt'
2024-12-12 09:17:54,825 [ERROR] Error fetching robots.txt from https://www.coinbase.com/robots.txt: 400, message='Got more than 8190 bytes (8429) when reading Header value is too long.', url='https://www.coinbase.com/robots.txt'
2024-12-12 09:18:12,071 [ERROR] Error fetching article at https://finance.yahoo.com/quote/BTC-USD/: 400, message='Got more than 8190 bytes (16306) when reading Header value is too long.', url='https://finance.yahoo.com/quote/BTC-USD/'
2024-12-12 09:18:12,071 [ERROR] Error fetching article at https://finance.yahoo.com/quote/BTC-USD/: 400, message='Got more than 8190 bytes (16306) when reading Header value is too long.', url='https://finance.yahoo.com/quote/BTC-USD/'
2024-12-12 09:18:27,187 [ERROR] Error fetching article at https://www.ussc.gov/sites/default/files/pdf/training/annual-national-training-seminar/2018/Emerging_Tech_Bitcoin_Crypto.pdf: 'utf-8' codec can't decode byte 0xe2 in position 10: invalid continuation byte
2024-12-12 09:18:27,187 [ERROR] Error fetching article at https://www.ussc.gov/sites/default/files/pdf/training/annual-national-training-seminar/2018/Emerging_Tech_Bitcoin_Crypto.pdf: 'utf-8' codec can't decode byte 0xe2 in position 10: invalid continuation byte
2024-12-12 09:21:40,358 [ERROR] Error fetching robots.txt from https://open.spotify.com/robots.txt: Cannot connect to host open.spotify.com:443 ssl:True [SSLCertVerificationError: (1, '[SSL: CERTIFICATE_VERIFY_FAILED] certificate verify failed: unable to get local issuer certificate (_ssl.c:1000)')]
2024-12-12 09:21:40,358 [ERROR] Error fetching robots.txt from https://open.spotify.com/robots.txt: Cannot connect to host open.spotify.com:443 ssl:True [SSLCertVerificationError: (1, '[SSL: CERTIFICATE_VERIFY_FAILED] certificate verify failed: unable to get local issuer certificate (_ssl.c:1000)')]
2024-12-12 09:31:18,856 [ERROR] Error fetching robots.txt from https://open.spotify.com/robots.txt: Cannot connect to host open.spotify.com:443 ssl:True [SSLCertVerificationError: (1, '[SSL: CERTIFICATE_VERIFY_FAILED] certificate verify failed: unable to get local issuer certificate (_ssl.c:1000)')]
2024-12-12 09:31:18,856 [ERROR] Error fetching robots.txt from https://open.spotify.com/robots.txt: Cannot connect to host open.spotify.com:443 ssl:True [SSLCertVerificationError: (1, '[SSL: CERTIFICATE_VERIFY_FAILED] certificate verify failed: unable to get local issuer certificate (_ssl.c:1000)')]
2024-12-12 09:33:23,083 [ERROR] Final summarization failed: index out of range in self
2024-12-12 09:33:23,083 [ERROR] Final summarization failed: index out of range in self
2024-12-12 09:35:21,172 [ERROR] Regeneration of summary failed: index out of range in self
2024-12-12 09:35:21,172 [ERROR] Regeneration of summary failed: index out of range in self
2024-12-12 09:37:33,763 [ERROR] Error fetching robots.txt from https://open.spotify.com/robots.txt: Cannot connect to host open.spotify.com:443 ssl:True [SSLCertVerificationError: (1, '[SSL: CERTIFICATE_VERIFY_FAILED] certificate verify failed: unable to get local issuer certificate (_ssl.c:1000)')]
2024-12-12 09:37:33,763 [ERROR] Error fetching robots.txt from https://open.spotify.com/robots.txt: Cannot connect to host open.spotify.com:443 ssl:True [SSLCertVerificationError: (1, '[SSL: CERTIFICATE_VERIFY_FAILED] certificate verify failed: unable to get local issuer certificate (_ssl.c:1000)')]
2024-12-12 09:42:45,569 [ERROR] Error fetching robots.txt from https://open.spotify.com/robots.txt: Cannot connect to host open.spotify.com:443 ssl:True [SSLCertVerificationError: (1, '[SSL: CERTIFICATE_VERIFY_FAILED] certificate verify failed: unable to get local issuer certificate (_ssl.c:1000)')]
2024-12-12 09:42:45,569 [ERROR] Error fetching robots.txt from https://open.spotify.com/robots.txt: Cannot connect to host open.spotify.com:443 ssl:True [SSLCertVerificationError: (1, '[SSL: CERTIFICATE_VERIFY_FAILED] certificate verify failed: unable to get local issuer certificate (_ssl.c:1000)')]
2024-12-12 09:50:55,827 [ERROR] Error fetching robots.txt from https://www.coinbase.com/robots.txt: 400, message='Got more than 8190 bytes (8429) when reading Header value is too long.', url='https://www.coinbase.com/robots.txt'
2024-12-12 09:50:55,827 [ERROR] Error fetching robots.txt from https://www.coinbase.com/robots.txt: 400, message='Got more than 8190 bytes (8429) when reading Header value is too long.', url='https://www.coinbase.com/robots.txt'
2024-12-12 09:51:09,790 [ERROR] Error fetching article at https://finance.yahoo.com/quote/BTC-USD/: 400, message='Got more than 8190 bytes (17606) when reading Header value is too long.', url='https://finance.yahoo.com/quote/BTC-USD/'
2024-12-12 09:51:09,790 [ERROR] Error fetching article at https://finance.yahoo.com/quote/BTC-USD/: 400, message='Got more than 8190 bytes (17606) when reading Header value is too long.', url='https://finance.yahoo.com/quote/BTC-USD/'
2024-12-12 09:51:39,682 [ERROR] Error fetching article at https://www.ussc.gov/sites/default/files/pdf/training/annual-national-training-seminar/2018/Emerging_Tech_Bitcoin_Crypto.pdf: 
2024-12-12 09:51:39,682 [ERROR] Error fetching article at https://www.ussc.gov/sites/default/files/pdf/training/annual-national-training-seminar/2018/Emerging_Tech_Bitcoin_Crypto.pdf: 
2024-12-12 09:58:41,671 [ERROR] Error fetching robots.txt from https://open.spotify.com/robots.txt: Cannot connect to host open.spotify.com:443 ssl:True [SSLCertVerificationError: (1, '[SSL: CERTIFICATE_VERIFY_FAILED] certificate verify failed: unable to get local issuer certificate (_ssl.c:1000)')]
2024-12-12 09:58:41,671 [ERROR] Error fetching robots.txt from https://open.spotify.com/robots.txt: Cannot connect to host open.spotify.com:443 ssl:True [SSLCertVerificationError: (1, '[SSL: CERTIFICATE_VERIFY_FAILED] certificate verify failed: unable to get local issuer certificate (_ssl.c:1000)')]
2024-12-12 09:59:19,541 [ERROR] Error fetching article at https://www.accuride.com/en-us/products/specialty-slides/1234-light-duty-slide-for-pocket-doors-without-hinges: 400, message='Got more than 8190 bytes (10659) when reading Header value is too long.', url='https://www.accuride.com/en-us/products/specialty-slides/1234-light-duty-slide-for-pocket-doors-without-hinges'
2024-12-12 09:59:19,541 [ERROR] Error fetching article at https://www.accuride.com/en-us/products/specialty-slides/1234-light-duty-slide-for-pocket-doors-without-hinges: 400, message='Got more than 8190 bytes (10659) when reading Header value is too long.', url='https://www.accuride.com/en-us/products/specialty-slides/1234-light-duty-slide-for-pocket-doors-without-hinges'
